[INFO] Scanning for projects...
[INFO] 
[INFO] -------------------< com.acme:orders-service >-------------------
[INFO] Building orders-service 2.8.4
[INFO]   from pom.xml
[INFO] --------------------------------[ jar ]---------------------------------
[INFO] 
[INFO] --- resources:3.3.1:resources (default-resources) @ orders-service ---
[INFO] Copying 14 resources from src/main/resources to target/classes
[INFO] 
[INFO] --- compiler:3.13.0:compile (default-compile) @ orders-service ---
[INFO] Recompiling the module because of changed source code.
[INFO] Compiling 184 source files with javac [debug release 21] to target/classes
[INFO] -------------------------------------------------------------
[ERROR] COMPILATION ERROR :
[INFO] -------------------------------------------------------------
[ERROR] /workspace/orders-service/src/main/java/com/acme/orders/service/OrderService.java:[87,31] cannot find symbol
  symbol:   method calculateDiscount(java.math.BigDecimal,java.lang.String)
  location: variable pricingService of type com.acme.orders.service.PricingService
[ERROR] /workspace/orders-service/src/main/java/com/acme/orders/controller/OrderController.java:[54,17] incompatible types: java.util.Optional<com.acme.orders.Order> cannot be converted to com.acme.orders.Order
[ERROR] /workspace/orders-service/src/main/java/com/acme/orders/repository/OrderRepository.java:[112,9] method findByCustomerId in interface com.acme.orders.repository.OrderRepository cannot be applied to given types;
  required: java.lang.Long,org.springframework.data.domain.Pageable
  found:    java.lang.Long
  reason: actual and formal argument lists differ in length
[INFO] 3 errors
[INFO] -------------------------------------------------------------
[INFO] ------------------------------------------------------------------------
[INFO] BUILD FAILURE
[INFO] ------------------------------------------------------------------------
[INFO] Total time:  4.812 s
[INFO] Finished at: 2026-08-09T00:41:18+05:30
[INFO] ------------------------------------------------------------------------
[ERROR] Failed to execute goal org.apache.maven.plugins:maven-compiler-plugin:3.13.0:compile (default-compile) on project orders-service: Compilation failure: Compilation failure:
[ERROR] /workspace/orders-service/src/main/java/com/acme/orders/service/OrderService.java:[87,31] cannot find symbol
[ERROR]   symbol:   method calculateDiscount(java.math.BigDecimal,java.lang.String)
[ERROR]   location: variable pricingService of type com.acme.orders.service.PricingService
[ERROR] -> [Help 1]
[ERROR] 
[ERROR] To see the full stack trace of the errors, re-run Maven with the -e switch.
[ERROR] Re-run Maven using the -X switch to enable full debug logging.
