[INFO] Scanning for projects...
[INFO] --------------------< com.acme:customer-sdk >--------------------
[INFO] Building customer-sdk 8.1.0
[INFO] --------------------------------[ jar ]---------------------------------
[INFO] 
[INFO] --- resources:3.3.1:resources (default-resources) @ customer-sdk ---
[INFO] skip non existing resourceDirectory /workspace/customer-sdk/src/main/resources
[INFO] 
[INFO] --- compiler:3.13.0:compile (default-compile) @ customer-sdk ---
[INFO] Nothing to compile - all classes are up to date
[INFO] 
[INFO] --- jar:3.4.2:jar (default-jar) @ customer-sdk ---
[INFO] Building jar: /workspace/customer-sdk/target/customer-sdk-8.1.0.jar
[INFO] 
[INFO] --- install:3.1.3:install (default-install) @ customer-sdk ---
[INFO] Installing /workspace/customer-sdk/pom.xml to /home/jenkins/.m2/repository/com/acme/customer-sdk/8.1.0/customer-sdk-8.1.0.pom
[ERROR] Failed to execute goal org.apache.maven.plugins:maven-install-plugin:3.1.3:install (default-install) on project customer-sdk:
[ERROR] Execution default-install of goal org.apache.maven.plugins:maven-install-plugin:3.1.3:install failed:
[ERROR] Could not create local repository path /home/jenkins/.m2/repository/com/acme/customer-sdk/8.1.0
[ERROR] java.nio.file.AccessDeniedException: /home/jenkins/.m2/repository/com/acme/customer-sdk
[ERROR]     at java.base/sun.nio.fs.UnixException.translateToIOException(UnixException.java:90)
[ERROR]     at java.base/sun.nio.fs.UnixException.rethrowAsIOException(UnixException.java:106)
[ERROR]     at java.base/sun.nio.fs.UnixException.rethrowAsIOException(UnixException.java:111)
[ERROR]     at java.base/java.nio.file.Files.createDirectories(Files.java:785)
[ERROR]     at org.eclipse.aether.internal.impl.DefaultLocalRepositoryManager.add(DefaultLocalRepositoryManager.java:132)
[ERROR] 
[INFO] ------------------------------------------------------------------------
[INFO] BUILD FAILURE
[INFO] ------------------------------------------------------------------------
[INFO] Total time:  3.744 s
[INFO] Finished at: 2026-08-09T00:44:57+05:30
[INFO] ------------------------------------------------------------------------
