[INFO] Scanning for projects...
[INFO] ------------------------------------------------------------------------
[INFO] Reactor Build Order:
[INFO] 
[INFO] platform-parent                                                    [pom]
[INFO] common-model                                                       [jar]
[INFO] customer-client                                                    [jar]
[INFO] order-service                                                       [jar]
[INFO] billing-service                                                     [jar]
[INFO] 
[INFO] --------------------< com.acme:platform-parent >--------------------
[INFO] Building platform-parent 10.0.0                                      [1/5]
[INFO] --- install:3.1.3:install (default-install) @ platform-parent ---
[INFO] Installing /workspace/platform/pom.xml
[INFO] 
[INFO] ----------------------< com.acme:common-model >----------------------
[INFO] Building common-model 10.0.0                                         [2/5]
[INFO] --- compiler:3.13.0:compile (default-compile) @ common-model ---
[INFO] Compiling 92 source files
[INFO] --- jar:3.4.2:jar (default-jar) @ common-model ---
[INFO] Building jar: /workspace/platform/common-model/target/common-model-10.0.0.jar
[INFO] 
[INFO] ---------------------< com.acme:customer-client >--------------------
[INFO] Building customer-client 10.0.0                                       [3/5]
[ERROR] Failed to execute goal org.apache.maven.plugins:maven-compiler-plugin:3.13.0:compile (default-compile) on project customer-client:
[ERROR] Fatal error compiling: error: release version 21 not supported
[ERROR] 
[ERROR] The Maven build is configured for Java 21, but the current runtime is:
[ERROR] java version "17.0.12" 2025-07-15 LTS
[ERROR] Java(TM) SE Runtime Environment (build 17.0.12+7-LTS)
[ERROR] Java HotSpot(TM) 64-Bit Server VM (build 17.0.12+7-LTS, mixed mode)
[INFO] ------------------------------------------------------------------------
[INFO] Reactor Summary for platform-parent 10.0.0:
[INFO] platform-parent ................................ SUCCESS [  0.921 s]
[INFO] common-model ................................... SUCCESS [  2.184 s]
[INFO] customer-client ................................ FAILURE [  1.447 s]
[INFO] order-service .................................. SKIPPED
[INFO] billing-service ................................ SKIPPED
[INFO] ------------------------------------------------------------------------
[INFO] BUILD FAILURE
[INFO] ------------------------------------------------------------------------
[INFO] Total time:  5.108 s
[INFO] Finished at: 2026-08-09T00:47:21+05:30
[INFO] ------------------------------------------------------------------------
[ERROR] Failed to execute goal org.apache.maven.plugins:maven-compiler-plugin:3.13.0:compile (default-compile) on project customer-client: Fatal error compiling: error: release version 21 not supported
[ERROR] -> [Help 1]
